
> nexoraos@4.0.0 build
> vite build && esbuild server.ts --bundle --platform=node --format=cjs --packages=external --sourcemap --outfile=dist/server.cjs

node.exe : NODE_ENV=production is not supported in the .env file. Only NODE_ENV=development is supported to create a 
development build of your project. If you need to set process.env.NODE_ENV, you can set it in the Vite config instead.
At line:1 char:1
+ & "C:\nvm4w\nodejs/node.exe" "C:\Users\GSERPSYS24\AppData\Roaming\npm ...
+ ~~~~~~~~~~~~~~~~~~~~~~~~~~~~~~~~~~~~~~~~~~~~~~~~~~~~~~~~~~~~~~~~~~~~~
    + CategoryInfo          : NotSpecified: (NODE_ENV=produc...config instead.:String) [], RemoteException
    + FullyQualifiedErrorId : NativeCommandError
 
[36mvite v6.4.3 [32mbuilding for production...[36m[39m
transforming...
[32mΓ£ô[39m 2537 modules transformed.
[31mΓ£ù[39m Build failed in 7.41s
[31merror during build:
[31m[vite:esbuild] Transform failed with 1 error:
D:/Projects26/NexoraOS/src/components/dashboard/UnifiedHomeWorkspace.tsx:659:4: ERROR: Expected ")" but found "{"[31m
file: [36mD:/Projects26/NexoraOS/src/components/dashboard/UnifiedHomeWorkspace.tsx:659:4[31m
[33m
[33mExpected ")" but found "{"[33m
657|  </div>
658|      </div>
659|      {/* Status Bar ΓÇö user name + icon, scroll to top on click */}
   |      ^
660|      <div
661|        className="border-t border-zinc-200 dark:border-zinc-800 bg-zinc-950 text-sm p-3 flex items-center 
justify-between"
[31m
    at failureErrorWithLog (D:\Projects26\NexoraOS\node_modules\esbuild\lib\main.js:1467:15)
    at D:\Projects26\NexoraOS\node_modules\esbuild\lib\main.js:736:50
    at responseCallbacks.<computed> (D:\Projects26\NexoraOS\node_modules\esbuild\lib\main.js:603:9)
    at handleIncomingPacket (D:\Projects26\NexoraOS\node_modules\esbuild\lib\main.js:658:12)
    at Socket.readFromStdout (D:\Projects26\NexoraOS\node_modules\esbuild\lib\main.js:581:7)
    at Socket.emit (node:events:509:28)
    at addChunk (node:internal/streams/readable:563:12)
    at readableAddChunkPushByteMode (node:internal/streams/readable:514:3)
    at Readable.push (node:internal/streams/readable:394:5)
    at Pipe.onStreamRead (node:internal/stream_base_commons:189:23)[39m
