
> nexoraos@4.0.0 test
> vitest run --project server --project frontend


[1m[46m RUN [49m[22m [36mv3.2.7 [39m[90mD:/Projects26/NexoraOS[39m

 [31mΓ¥»[39m [30m[43m frontend [49m[39m src/design-system/__tests__/accessibility-conformance.test.ts [2m([22m[2m19 tests[22m[2m | [22m[31m1 failed[39m[2m)[22m[32m 78[2mms[22m[39m
   [32mΓ£ô[39m WCAG 2.4.7 ΓÇö Focus Visible (AA)[2m > [22mdeclares the focus baseline in the base layer, not as an unlayered rule[32m 5[2mms[22m[39m
   [32mΓ£ô[39m WCAG 2.4.7 ΓÇö Focus Visible (AA)[2m > [22mapplies the --ux-focus-ring token that tokens.css declares[32m 3[2mms[22m[39m
   [32mΓ£ô[39m WCAG 2.4.7 ΓÇö Focus Visible (AA)[2m > [22muses box-shadow for the ring so `outline-none` cannot cancel it[32m 1[2mms[22m[39m
[31m   [31m├ù[31m WCAG 1.3.1 ΓÇö Info and Relationships (A): table headers[2m > [22mgives every column header cell an explicit scope[39m[32m 36[2mms[22m[39m
[31m     ΓåÆ every <th> in a <thead> must declare scope="col" so screen readers announce the column name: expected [ 'src/reports/CashFlowReport.tsx' ] to deeply equal [][39m
   [32mΓ£ô[39m WCAG 1.3.1 ΓÇö Info and Relationships (A): table headers[2m > [22massociates every mechanically-linkable label with a control[32m 11[2mms[22m[39m
   [32mΓ£ô[39m the canonical ERP form pattern (SAP Fiori / Oracle Redwood / Fluent)[2m > [22mderives the association from useId instead of asking the caller to wire it[32m 1[2mms[22m[39m
   [32mΓ£ô[39m the canonical ERP form pattern (SAP Fiori / Oracle Redwood / Fluent)[2m > [22mwires the full accessibility contract on the control[32m 1[2mms[22m[39m
   [32mΓ£ô[39m the canonical ERP form pattern (SAP Fiori / Oracle Redwood / Fluent)[2m > [22mgives the error precedence over the help text in aria-describedby[32m 1[2mms[22m[39m
   [32mΓ£ô[39m the canonical ERP form pattern (SAP Fiori / Oracle Redwood / Fluent)[2m > [22mis exported from the design system barrel for discovery[32m 1[2mms[22m[39m
   [32mΓ£ô[39m design system authority ΓÇö one definition per control[2m > [22mkeeps the canonical Button in the design system, exported from the barrel[32m 1[2mms[22m[39m
   [32mΓ£ô[39m design system authority ΓÇö one definition per control[2m > [22mdelegates the legacy wrappers instead of re-declaring variants[32m 3[2mms[22m[39m
   [32mΓ£ô[39m design system authority ΓÇö one definition per control[2m > [22mkeeps the baseline primitive set from regressing[32m 2[2mms[22m[39m
   [32mΓ£ô[39m operational readiness ΓÇö the health contract[2m > [22mprobes cache through the redis module's own healthCheck[32m 1[2mms[22m[39m
   [32mΓ£ô[39m operational readiness ΓÇö the health contract[2m > [22mkeeps liveness independent of every external dependency[32m 1[2mms[22m[39m
   [32mΓ£ô[39m WCAG 4.1.3 ΓÇö Status Messages (AA): notification pipeline[2m > [22mmounts the Design System renderer, which models politeness per variant[32m 0[2mms[22m[39m
   [32mΓ£ô[39m WCAG 4.1.3 ΓÇö Status Messages (AA): notification pipeline[2m > [22mmounts exactly one notification viewport[32m 2[2mms[22m[39m
   [32mΓ£ô[39m WCAG 4.1.3 ΓÇö Status Messages (AA): notification pipeline[2m > [22mkeeps the bus as the contract so existing call sites keep working[32m 1[2mms[22m[39m
   [32mΓ£ô[39m WCAG 4.1.3 ΓÇö Status Messages (AA): notification pipeline[2m > [22mderives assertive vs polite from the variant rather than hard-coding polite[32m 1[2mms[22m[39m
   [32mΓ£ô[39m WCAG 2.4.1 ΓÇö Bypass Blocks (A)[2m > [22mprovides the skip link from exactly one provider[32m 2[2mms[22m[39m
node.exe : [90mstderr[2m | src/components/__tests__/LoginViewMfa.test.tsx
At line:1 char:1
+ & "C:\nvm4w\nodejs/node.exe" "C:\Users\GSERPSYS24\AppData\Roaming\npm ...
+ ~~~~~~~~~~~~~~~~~~~~~~~~~~~~~~~~~~~~~~~~~~~~~~~~~~~~~~~~~~~~~~~~~~~~~
    + CategoryInfo          : NotSpecified: ([90mstderr[2m...iewMfa.test.tsx:String) [], RemoteException
    + FullyQualifiedErrorId : NativeCommandError
 
[22m[39m[Persistence] IndexedDB is not supported in this runtime environment. Falling back to memory storage.

 [32mΓ£ô[39m [30m[43m frontend [49m[39m src/design-system/__tests__/brandTheme.test.ts [2m([22m[2m17 tests[22m[2m)[22m[33m 553[2mms[22m[39m
   [33m[2mΓ£ô[22m[39m no external font dependencies can return[2m > [22msrc/ and index.html reference no Google Fonts origin [33m 416[2mms[22m[39m
 [32mΓ£ô[39m [30m[43m frontend [49m[39m src/design-system/__tests__/form-field.test.tsx [2m([22m[2m8 tests[22m[2m)[22m[33m 708[2mms[22m[39m
   [33m[2mΓ£ô[22m[39m FormField[2m > [22msets aria-invalid and announces the error when validation fails [33m 442[2mms[22m[39m
 [32mΓ£ô[39m [30m[43m frontend [49m[39m src/design-system/__tests__/EnterpriseAlert.test.tsx [2m([22m[2m7 tests[22m[2m)[22m[33m 754[2mms[22m[39m
   [33m[2mΓ£ô[22m[39m EnterpriseAlert[2m > [22mdismisses when close button clicked [33m 435[2mms[22m[39m
[90mstderr[2m | src/components/__tests__/CommunicationsView.test.tsx[2m > [22m[2mCommunicationsView ΓÇö E2E live 
wiring[2m > [22m[2mrenders permission-scoped live rows from the API with a Live badge
[22m[39mIn HTML, <div> cannot be a descendant of <p>.
This will cause a hydration error.

  <CommunicationsView lang="en">
    <div className="min-h-scre..." dir="ltr">
      <div className="max-w-7xl ...">
        <div className="flex flex-...">
          <div>
            <h1>
>           <p className="text-sm text-slate-500 dark:text-zinc-400 mt-1 flex items-center gap-2">
              <span>
              <Spinner className="w-4 h-4">
                <div className="inline-fle..." role="status" aria-label="╪¼╪º╪▒┘è ╪º┘ä╪¬╪¡┘à...">
>                 <div
>                   className="rounded-full animate-spin w-6 h-6 border-2 border-zinc-300 dark:border-zinc-600 
border-..."
>                 >
          ...
        ...

<p> cannot contain a nested <div>.
See this log for the ancestor stack trace.

 [32mΓ£ô[39m [30m[43m frontend [49m[39m src/design-system/__tests__/button.test.tsx [2m([22m[2m9 tests[22m[2m)[22m[33m 1034[2mms[22m[39m
   [33m[2mΓ£ô[22m[39m Button[2m > [22mrenders a real button that defaults to type="button" [33m 658[2mms[22m[39m
 [32mΓ£ô[39m [30m[43m frontend [49m[39m src/components/__tests__/InstitutionalReportViewer.test.tsx [2m([22m[2m3 tests[22m[2m)[22m[33m 726[2mms[22m[39m
   [33m[2mΓ£ô[22m[39m InstitutionalReportViewer[2m > [22mrenders the institutional header and data sections [33m 447[2mms[22m[39m
[90mstderr[2m | src/features/administration/__tests__/TOTPSecuritySettingsView.test.tsx[2m > 
[22m[2mTOTPSecuritySettingsView (real /mfa API)[2m > [22m[2mcompletes setup ΓåÆ QR ΓåÆ enable flow
[22m[39mFailed to log audit event: Error: unexpected /api/tables/audit_logs
    at [90mD:\Projects26\NexoraOS\[39msrc\features\administration\__tests__\TOTPSecuritySettingsView.test.tsx:42:13
    at mockCall 
[90m(file:///D:/Projects26/NexoraOS/[39mnode_modules/[4m@vitest/spy[24m/dist/index.js:96:15[90m)[39m
    at spy [90m(file:///D:/Projects26/NexoraOS/[39mnode_modules/[4mtinyspy[24m/dist/index.js:47:80[90m)[39m
    at logAuditEvent [90m(D:\Projects26\NexoraOS\[39msrc\lib\audit.ts:32:11[90m)[39m
    at confirmEnable 
[90m(D:\Projects26\NexoraOS\[39msrc\features\administration\TOTPSecuritySettingsView.tsx:91:15[90m)[39m

 [32mΓ£ô[39m [30m[43m frontend [49m[39m src/design-system/__tests__/status-primitives.test.tsx [2m([22m[2m11 tests[22m[2m)[22m[33m 1023[2mms[22m[39m
   [33m[2mΓ£ô[22m[39m Alert[2m > [22mis a live region so it is announced when it appears [33m 527[2mms[22m[39m
 [32mΓ£ô[39m [30m[43m frontend [49m[39m src/components/__tests__/PermissionGate.test.tsx [2m([22m[2m5 tests[22m[2m)[22m[33m 860[2mms[22m[39m
   [33m[2mΓ£ô[22m[39m PermissionGate[2m > [22mshows the denial notice in Arabic and English [33m 649[2mms[22m[39m
[90mstderr[2m | src/design-system/__tests__/ConfirmDialog.test.tsx[2m > [22m[2mConfirmDialog[2m > [22m[2mcalls 
onConfirm when confirm clicked
[22m[39mAn update to ConfirmDialog inside a test was not wrapped in act(...).

When testing, code that causes React state updates should be wrapped into act(...):

act(() => {
  /* fire events that update state */
});
/* assert on the output */

This ensures that you're testing the behavior the user would see in the browser. Learn more at 
https://react.dev/link/wrap-tests-with-act

 [32mΓ£ô[39m [30m[43m frontend [49m[39m src/features/administration/__tests__/TOTPSecuritySettingsView.test.tsx [2m([22m[2m3 tests[22m[2m)[22m[33m 872[2mms[22m[39m
   [33m[2mΓ£ô[22m[39m TOTPSecuritySettingsView (real /mfa API)[2m > [22mcompletes setup ΓåÆ QR ΓåÆ enable flow [33m 440[2mms[22m[39m
 [32mΓ£ô[39m [30m[43m frontend [49m[39m src/design-system/__tests__/ConfirmDialog.test.tsx [2m([22m[2m9 tests[22m[2m)[22m[33m 1224[2mms[22m[39m
   [33m[2mΓ£ô[22m[39m ConfirmDialog[2m > [22mrenders when open [33m 334[2mms[22m[39m
   [33m[2mΓ£ô[22m[39m ConfirmDialog[2m > [22mcalls onConfirm when confirm clicked [33m 564[2mms[22m[39m
 [32mΓ£ô[39m [30m[43m frontend [49m[39m src/components/__tests__/CommunicationsView.test.tsx [2m([22m[2m4 tests[22m[2m)[22m[33m 1805[2mms[22m[39m
   [33m[2mΓ£ô[22m[39m CommunicationsView ΓÇö E2E live wiring[2m > [22mrenders permission-scoped live rows from the API with a Live badge [33m 743[2mms[22m[39m
   [33m[2mΓ£ô[22m[39m CommunicationsView ΓÇö E2E live wiring[2m > [22mdenies the whole screen without a session (fails closed) [33m 662[2mms[22m[39m
 [32mΓ£ô[39m [30m[43m frontend [49m[39m src/design-system/__tests__/proComponents.test.tsx [2m([22m[2m18 tests[22m[2m)[22m[33m 1748[2mms[22m[39m
   [33m[2mΓ£ô[22m[39m MetricTile[2m > [22mrenders label, value and unit with an accessible name [33m 792[2mms[22m[39m
 [32mΓ£ô[39m [30m[43m frontend [49m[39m src/app/components/__tests__/ErrorBoundary.test.tsx [2m([22m[2m13 tests[22m[2m)[22m[33m 2609[2mms[22m[39m
   [33m[2mΓ£ô[22m[39m ErrorBoundary[2m > [22mrenders reset button [33m 696[2mms[22m[39m
 [32mΓ£ô[39m [30m[43m frontend [49m[39m src/components/__tests__/LoginViewMfa.test.tsx [2m([22m[2m3 tests[22m[2m)[22m[33m 3043[2mms[22m[39m
   [33m[2mΓ£ô[22m[39m LoginView MFA step-up[2m > [22mshows the TOTP screen on mfa_required without local fallback [33m 1092[2mms[22m[39m
   [33m[2mΓ£ô[22m[39m LoginView MFA step-up[2m > [22mcompletes login after a valid code [33m 794[2mms[22m[39m
   [33m[2mΓ£ô[22m[39m LoginView MFA step-up[2m > [22mrejects a wrong code and stays on the MFA screen [33m 1153[2mms[22m[39m
 [32mΓ£ô[39m [30m[43m frontend [49m[39m src/components/__tests__/InstitutionalReportHeader.test.tsx [2m([22m[2m5 tests[22m[2m)[22m[33m 602[2mms[22m[39m
   [33m[2mΓ£ô[22m[39m InstitutionalReportHeader[2m > [22mrenders Arabic title with rtl in Arabic mode [33m 500[2mms[22m[39m
 [32mΓ£ô[39m [30m[43m frontend [49m[39m src/components/__tests__/SkeletonLoader.test.tsx [2m([22m[2m6 tests[22m[2m)[22m[33m 339[2mms[22m[39m
 [32mΓ£ô[39m [30m[43m frontend [49m[39m src/design-system/__tests__/ErrorState.test.tsx [2m([22m[2m11 tests[22m[2m)[22m[33m 350[2mms[22m[39m
[90mstderr[2m | src/design-system/__tests__/DataTableExport.test.tsx
[22m[39mNot implemented: navigation to another Document

 [32mΓ£ô[39m [30m[43m frontend [49m[39m src/design-system/__tests__/DataTableExport.test.tsx [2m([22m[2m3 tests[22m[2m)[22m[33m 315[2mms[22m[39m
 [32mΓ£ô[39m [30m[43m frontend [49m[39m src/design-system/__tests__/EmptyState.test.tsx [2m([22m[2m10 tests[22m[2m)[22m[33m 347[2mms[22m[39m
 [32mΓ£ô[39m [30m[43m frontend [49m[39m src/design-system/__tests__/DataTable.test.tsx [2m([22m[2m8 tests[22m[2m)[22m[33m 432[2mms[22m[39m
 [32mΓ£ô[39m [30m[43m frontend [49m[39m src/design-system/__tests__/EnterpriseCard.test.tsx [2m([22m[2m13 tests[22m[2m)[22m[33m 342[2mms[22m[39m
 [32mΓ£ô[39m [30m[43m frontend [49m[39m src/design-system/__tests__/EnterpriseTabs.test.tsx [2m([22m[2m9 tests[22m[2m)[22m[33m 364[2mms[22m[39m
 [32mΓ£ô[39m [30m[43m frontend [49m[39m src/components/__tests__/PWAUpdatePrompt.test.tsx [2m([22m[2m3 tests[22m[2m)[22m[32m 216[2mms[22m[39m
 [32mΓ£ô[39m [30m[43m frontend [49m[39m src/design-system/__tests__/Skeleton.test.tsx [2m([22m[2m11 tests[22m[2m)[22m[32m 233[2mms[22m[39m
 [32mΓ£ô[39m [30m[43m frontend [49m[39m src/components/__tests__/useDashboardData.honesty.test.tsx [2m([22m[2m4 tests[22m[2m)[22m[32m 102[2mms[22m[39m
 [32mΓ£ô[39m [30m[43m frontend [49m[39m src/design-system/__tests__/cn.test.ts [2m([22m[2m11 tests[22m[2m)[22m[32m 36[2mms[22m[39m
 [32mΓ£ô[39m [30m[43m frontend [49m[39m src/design-system/__tests__/architecture.test.ts [2m([22m[2m5 tests[22m[2m)[22m[32m 74[2mms[22m[39m
 [32mΓ£ô[39m [30m[43m frontend [49m[39m src/design-system/__tests__/hooks.test.ts [2m([22m[2m13 tests[22m[2m)[22m[32m 170[2mms[22m[39m
[90mstdout[2m | src/server/queue/__tests__/queue.test.ts[2m > [22m[2mJobQueue[2m > [22m[2mcreates instance
[22m[39m[QUEUE] Processing stopped

[90mstdout[2m | src/server/queue/__tests__/queue.test.ts[2m > [22m[2mJobQueue[2m > [22m[2madds job
[22m[39m[QUEUE] Job added: test (466ccb2d-6ef1-46a8-9856-bd8a28a86f11)

[90mstdout[2m | src/server/queue/__tests__/queue.test.ts[2m > [22m[2mJobQueue[2m > [22m[2madds job
[22m[39m[QUEUE] Processing stopped

[90mstdout[2m | src/server/queue/__tests__/queue.test.ts[2m > [22m[2mJobQueue[2m > [22m[2mprocesses job with handler
[22m[39m[QUEUE] Processing started
[QUEUE] Job added: test (6c04a0f3-9e56-48c8-9e2c-f5eebbb899e6)

 [32mΓ£ô[39m [30m[43m frontend [49m[39m src/shared/hooks/__tests__/useInstitutionalReports.test.ts [2m([22m[2m7 tests[22m[2m)[22m[32m 20[2mms[22m[39m
 [32mΓ£ô[39m [30m[42m server [49m[39m src/server/db/__tests__/migrator.test.ts [2m([22m[2m2 tests[22m[2m)[22m[32m 87[2mms[22m[39m
 [32mΓ£ô[39m [30m[42m server [49m[39m src/server/middleware/__tests__/dedup.test.ts [2m([22m[2m6 tests[22m[2m)[22m[32m 239[2mms[22m[39m
[90mstdout[2m | src/server/__tests__/integration.test.ts[2m > [22m[2mScheduler[2m > [22m[2mshould register a job
[22m[39m[32m2026-10-04T13:32:00.773Z[0m [32mINFO [0m [scheduler] [Scheduler] Stopped

[90mstdout[2m | src/server/queue/__tests__/queue.test.ts[2m > [22m[2mJobQueue[2m > [22m[2mprocesses job with handler
[22m[39m[QUEUE] Job completed: test (6c04a0f3-9e56-48c8-9e2c-f5eebbb899e6) in 0ms

[90mstdout[2m | src/server/__tests__/integration.test.ts[2m > [22m[2mScheduler[2m > [22m[2mshould register a job
[22m[39m[32m2026-10-04T13:32:00.777Z[0m [32mINFO [0m [scheduler] [Scheduler] Registered job: Test Job (hourly)

[90mstdout[2m | src/server/__tests__/integration.test.ts[2m > [22m[2mScheduler[2m > [22m[2mshould start and stop
[22m[39m[32m2026-10-04T13:32:00.781Z[0m [32mINFO [0m [scheduler] [Scheduler] Stopped

[90mstdout[2m | src/server/__tests__/integration.test.ts[2m > [22m[2mScheduler[2m > [22m[2mshould start and stop
[22m[39m[32m2026-10-04T13:32:00.781Z[0m [32mINFO [0m [scheduler] [Scheduler] Registered job: Test Job 2 (daily)
[32m2026-10-04T13:32:00.782Z[0m [32mINFO [0m [scheduler] [Scheduler] Starting...
[32m2026-10-04T13:32:00.782Z[0m [32mINFO [0m [scheduler] [Scheduler] Stopped

[90mstdout[2m | src/server/__tests__/integration.test.ts[2m > [22m[2mScheduler[2m > [22m[2mshould not register duplicate jobs
[22m[39m[32m2026-10-04T13:32:00.783Z[0m [32mINFO [0m [scheduler] [Scheduler] Stopped

[90mstdout[2m | src/server/__tests__/integration.test.ts[2m > [22m[2mScheduler[2m > [22m[2mshould not register duplicate jobs
[22m[39m[32m2026-10-04T13:32:00.783Z[0m [32mINFO [0m [scheduler] [Scheduler] Registered job: Test Dup (daily)

 [32mΓ£ô[39m [30m[43m frontend [49m[39m src/shared/permissions/__tests__/permission-map.test.ts [2m([22m[2m10 tests[22m[2m)[22m[32m 18[2mms[22m[39m
[90mstdout[2m | src/server/core/__tests__/release-hardening.test.ts
[22m[39mΓùç injected env (10) from .env // tip: Γîÿ multiple files { path: ['.env.local', '.env'] }

[90mstdout[2m | src/server/engines/__tests__/engines.test.ts
[22m[39mΓùç injected env (10) from .env // tip: Γîÿ suppress logs { quiet: true }

(node:17700) MaxListenersExceededWarning: Possible EventEmitter memory leak detected. 11 SIGTERM listeners added to 
[process]. MaxListeners is 10. Use emitter.setMaxListeners() to increase limit
(Use `node --trace-warnings ...` to show where the warning was created)
(node:17700) MaxListenersExceededWarning: Possible EventEmitter memory leak detected. 11 SIGINT listeners added to 
[process]. MaxListeners is 10. Use emitter.setMaxListeners() to increase limit
 [32mΓ£ô[39m [30m[42m server [49m[39m src/core/export/__tests__/reportFoundation.test.ts [2m([22m[2m9 tests[22m[2m)[22m[32m 77[2mms[22m[39m
 [32mΓ£ô[39m [30m[42m server [49m[39m src/lib/__tests__/officialDocuments.test.ts [2m([22m[2m4 tests[22m[2m)[22m[32m 83[2mms[22m[39m
[90mstdout[2m | src/server/core/__tests__/saas-foundation.test.ts[2m > [22m[2mdurable queue[2m > [22m[2menqueues and reports metrics via DB or fallback
[22m[39m[QUEUE] Job added: test.noop (574a5b0f-5610-440b-9a40-51a62633ff30)

[90mstdout[2m | src/server/queue/__tests__/queue.test.ts[2m > [22m[2mJobQueue[2m > [22m[2mprocesses job with handler
[22m[39m[QUEUE] Processing stopped

 [32mΓ£ô[39m [30m[42m server [49m[39m src/server/core/__tests__/saas-foundation.test.ts [2m([22m[2m15 tests[22m[2m)[22m[33m 892[2mms[22m[39m
   [33m[2mΓ£ô[22m[39m idempotency middleware[2m > [22mpasses through requests without a key [33m 477[2mms[22m[39m
[90mstdout[2m | src/server/queue/__tests__/queue.test.ts[2m > [22m[2mJobQueue[2m > [22m[2mretries failed job
[22m[39m[QUEUE] Processing started
[QUEUE] Job added: fail (cb7e800a-2002-4772-902f-c4f1959c7784)

 [32mΓ£ô[39m [30m[43m frontend [49m[39m src/design-system/__tests__/bundle-budget.test.ts [2m([22m[2m5 tests[22m[2m | [22m[33m3 skipped[39m[2m)[22m[32m 10[2mms[22m[39m
 [32mΓ£ô[39m [30m[42m server [49m[39m src/server/redis/__tests__/redis.test.ts [2m([22m[2m22 tests[22m[2m)[22m[33m 1581[2mms[22m[39m
   [33m[2mΓ£ô[22m[39m Redis Rate Limiter (Memory Fallback)[2m > [22mallows requests under the limit [33m 551[2mms[22m[39m
 [32mΓ£ô[39m [30m[42m server [49m[39m src/server/database/__tests__/sql-hygiene.test.ts [2m([22m[2m2 tests[22m[2m)[22m[32m 23[2mms[22m[39m
[90mstdout[2m | src/server/core/__tests__/release-hardening.test.ts[2m > [22m[2mtoken revocation (user-wide must actually revoke)[2m > [22m[2mrevokes sessions on password_change (was silently spared)
[22m[39m[32m2026-10-04T13:32:01.706Z[0m [32mINFO [0m [token-revocation] [TOKEN-REVOKED] All tokens revoked for user: u-pw {"userId":"u-pw","reason":"password_change"}

[90mstdout[2m | src/server/core/__tests__/release-hardening.test.ts[2m > [22m[2mtoken revocation (user-wide must actually revoke)[2m > [22m[2mrevokes sessions on mfa_disabled
[22m[39m[32m2026-10-04T13:32:01.715Z[0m [32mINFO [0m [token-revocation] [TOKEN-REVOKED] All tokens revoked for user: u-mfa {"userId":"u-mfa","reason":"mfa_disabled"}

[90mstdout[2m | src/server/core/__tests__/release-hardening.test.ts[2m > [22m[2mtoken revocation (user-wide must actually revoke)[2m > [22m[2mdoes not revoke other users
[22m[39m[32m2026-10-04T13:32:01.717Z[0m [32mINFO [0m [token-revocation] [TOKEN-REVOKED] All tokens revoked for user: u-scope {"userId":"u-scope","reason":"password_change"}

[90mstdout[2m | src/server/core/__tests__/release-hardening.test.ts[2m > [22m[2mtoken revocation (user-wide must actually revoke)[2m > [22m[2msingle-token revoke still works
[22m[39m[32m2026-10-04T13:32:01.720Z[0m [32mINFO [0m [token-revocation] [TOKEN-REVOKED] token: [REDACTED] user_logout {"userId":"u-single","fingerprint":"b153622128c01708","reason":"user_logout","expiresAt":{}}

[90mstdout[2m | src/server/core/__tests__/release-hardening.test.ts[2m > [22m[2mparseModelJson (LLM garbage handling)[2m > [22m[2mthrows ModelOutputError on garbage
[22m[39m[33m2026-10-04T13:32:01.739Z[0m [33mWARN [0m [gemini] [Gemini] Non-JSON model output (t): not json at all

[90mstdout[2m | src/server/engines/__tests__/revenue.engine.test.ts[2m > [22m[2mRevenueIntelligenceEngine.getSnapshot[2m > [22m[2mshould flag high concentration risk
[22m[39m[32m2026-10-04T13:32:01.781Z[0m [32mINFO [0m [cache] CacheManager tag invalidation: tag=revenue, removed=1

[90mstdout[2m | src/server/engines/__tests__/revenue.engine.test.ts[2m > [22m[2mRevenueEngine.post[2m > [22m[2mshould reject records already posted
[22m[39m[32m2026-10-04T13:32:01.785Z[0m [32mINFO [0m [cache] CacheManager tag invalidation: tag=revenue, removed=1

 [32mΓ£ô[39m [30m[42m server [49m[39m src/server/engines/__tests__/revenue.engine.test.ts [2m([22m[2m19 tests[22m[2m)[22m[32m 37[2mms[22m[39m
[90mstdout[2m | src/server/core/__tests__/authorization.test.ts[2m > [22m[2mrequirePermission middleware ΓÇö ╪¡┘à╪º┘è╪⌐ ┘å┘ç╪º┘è╪⌐ ╪º┘ä┘à┘å╪¡┘å┘ë (endpoint)[2m > [22m[2m┘è┘à┘å╪╣ VOLUNTEER ┘à┘å USERS_READ (403)
[22m[39m[33m2026-10-04T13:32:01.855Z[0m [33mWARN [0m [authz] Authorization denied {"userId":"u1","orgId":"org-a","role":"VOLUNTEER","permission":"users:read","path":"/api/test","method":"GET"}

[90mstdout[2m | src/server/core/__tests__/authorization.test.ts[2m > [22m[2mrequirePermission middleware ΓÇö ╪¡┘à╪º┘è╪⌐ ┘å┘ç╪º┘è╪⌐ ╪º┘ä┘à┘å╪¡┘å┘ë (endpoint)[2m > [22m[2m┘è╪»┘à┘å╪╣ STAFF ┘à┘å USERS_WRITE (403) ╪¡╪¬┘ë ┘ä┘ê ╪¼╪º╪í body ┘à┘Å╪▓┘ê┘æ╪▒
[22m[39m[33m2026-10-04T13:32:01.863Z[0m [33mWARN [0m [authz] Authorization denied {"userId":"u1","orgId":"org-a","role":"STAFF","permission":"users:write","path":"/api/test","method":"GET"}

[90mstdout[2m | src/server/core/__tests__/authorization.test.ts[2m > [22m[2mverifyOrganizationOwnership ΓÇö ╪¡┘à╪º┘è╪⌐ ╪º┘ä┘Ç IDOR ╪¿┘è┘å ╪º┘ä┘à╪ñ╪│╪│╪º╪¬[2m > [22m[2m┘è╪»╪╣┘à fail-closed ╪╣┘å╪» ┘ü╪┤┘ä ╪º┘ä╪º╪│╪¬╪╣┘ä╪º┘à (╪«╪╖╪ú DB) ΓÇö false
[22m[39m[31m2026-10-04T13:32:01.867Z[0m [31mERROR[0m [authz] verifyOrganizationOwnership error {"resourceId":"proj-1","table":"projects","userId":"u1","error":"DB connection lost"}

[90mstdout[2m | src/server/core/__tests__/authorization.test.ts[2m > [22m[2mverifyOrganizationOwnership ΓÇö ╪¡┘à╪º┘è╪⌐ ╪º┘ä┘Ç IDOR ╪¿┘è┘å ╪º┘ä┘à╪ñ╪│╪│╪º╪¬[2m > [22m[2m[SQLi TEST] ┘è╪▒┘ü╪╢ ╪¼╪»┘ê┘ä╪º┘ï ╪«╪º╪▒╪¼╪º┘ï ╪╣┘å ╪º┘ä┘é╪º╪ª┘à╪⌐ ╪º┘ä╪¿┘è╪╢╪º╪í ΓÇö fail-closed false ┘ê queryFn ┘ä╪º ┘è┘Å╪│╪¬╪»╪╣┘ë
[22m[39m[31m2026-10-04T13:32:01.868Z[0m [31mERROR[0m [authz] verifyOrganizationOwnership error {"resourceId":"proj-1","table":"users; DROP TABLE users--","userId":"u1","error":"Ownership check blocked: table 'users; DROP TABLE users--' is not in the allowlist"}

[90mstdout[2m | src/server/core/__tests__/authorization.test.ts[2m > [22m[2mverifyOrganizationOwnership ΓÇö ╪¡┘à╪º┘è╪⌐ ╪º┘ä┘Ç IDOR ╪¿┘è┘å ╪º┘ä┘à╪ñ╪│╪│╪º╪¬[2m > [22m[2m[SQLi TEST] ┘è╪▒┘ü╪╢ ╪╣┘à┘ê╪» org ╪«╪º╪▒╪¼ ╪º┘ä┘é╪º╪ª┘à╪⌐ ╪º┘ä╪¿┘è╪╢╪º╪í ΓÇö fail-closed false
[22m[39m[31m2026-10-04T13:32:01.869Z[0m [31mERROR[0m [authz] verifyOrganizationOwnership error {"resourceId":"proj-1","table":"projects","userId":"u1","error":"Ownership check blocked: orgColumn 'organization_id; DROP TABLE projects' is not in the allowlist"}

[90mstdout[2m | src/server/core/__tests__/authorization.test.ts[2m > [22m[2mrequirePermission + requireOrgOwnership ΓÇö ╪¬┘â╪º┘à┘ä middleware[2m > [22m[2m┘è┘à┘å╪╣ VOLUNTEER ┘à┘å USERS_WRITE ╪¡╪¬┘ë ╪╣╪¿╪▒ middleware ΓÇö 403
[22m[39m[33m2026-10-04T13:32:01.870Z[0m [33mWARN [0m [authz] Authorization denied {"userId":"u1","orgId":"org-a","role":"VOLUNTEER","permission":"users:write","path":"/api/test","method":"GET"}

[90mstdout[2m | src/server/core/__tests__/release-hardening.test.ts[2m > [22m[2menforceOwnership (IDOR gate)[2m > [22m[2mrejects unauthenticated callers with 401
[22m[39mΓùç injected env (0) from .env // tip: Γîÿ suppress logs { quiet: true }

 [32mΓ£ô[39m [30m[42m server [49m[39m src/server/core/__tests__/authorization.test.ts [2m([22m[2m29 tests[22m[2m)[22m[32m 34[2mms[22m[39m
 [32mΓ£ô[39m [30m[42m server [49m[39m src/server/__tests__/api-imports.contract.test.ts [2m([22m[2m1 test[22m[2m)[22m[32m 19[2mms[22m[39m
 [32mΓ£ô[39m [30m[43m frontend [49m[39m src/shared/permissions/__tests__/usePermissions.test.ts [2m([22m[2m5 tests[22m[2m)[22m[32m 14[2mms[22m[39m
[90mstdout[2m | src/server/core/__tests__/release-hardening.test.ts[2m > [22m[2menforceOwnership (IDOR gate)[2m > [22m[2mreturns 404 for cross-tenant / missing records
[22m[39mΓùç injected env (0) from .env // tip: Γùê secrets for agents [www.dotenvx.com]

[90mstderr[2m | src/server/engines/__tests__/untested-engines.test.ts[2m > [22m[2mResourceAllocationEngine[2m > 
[22m[2mcreate[2m > [22m[2mshould return null on error
[22m[39m[Engine] Query failed: DB error

 [32mΓ£ô[39m [30m[42m server [49m[39m src/server/engines/__tests__/institutional-reports.test.ts [2m([22m[2m7 tests[22m[2m)[22m[32m 22[2mms[22m[39m
[90mstderr[2m | src/server/engines/__tests__/untested-engines.test.ts[2m > [22m[2mAttendanceEngine[2m > 
[22m[2mclockIn[2m > [22m[2mshould return null on error
[22m[39m[Engine] Query failed: fail

 [32mΓ£ô[39m [30m[42m server [49m[39m src/server/core/__tests__/release-hardening.test.ts [2m([22m[2m15 tests[22m[2m)[22m[33m 343[2mms[22m[39m
 [32mΓ£ô[39m [30m[42m server [49m[39m src/server/engines/__tests__/untested-engines.test.ts [2m([22m[2m236 tests[22m[2m)[22m[32m 260[2mms[22m[39m
 [32mΓ£ô[39m [30m[42m server [49m[39m src/server/engines/__tests__/engines.test.ts [2m([22m[2m42 tests[22m[2m)[22m[33m 381[2mms[22m[39m
 [32mΓ£ô[39m [30m[42m server [49m[39m src/server/validators/__tests__/validators.test.ts [2m([22m[2m13 tests[22m[2m)[22m[32m 25[2mms[22m[39m
[90mstdout[2m | src/server/__tests__/bootstrap.validation.test.ts[2m > [22m[2mseedGlobalReferenceData[2m > [22m[2mruns inside a transaction (BEGIN/COMMIT)
[22m[39m[32m2026-10-04T13:32:02.250Z[0m [32mINFO [0m [seeder] [SEEDER] global reference data (countries/currencies/uom) seeded

[90mstdout[2m | src/server/__tests__/bootstrap.validation.test.ts[2m > [22m[2mseedGlobalReferenceData[2m > [22m[2minserts currencies, countries and units
[22m[39m[32m2026-10-04T13:32:02.254Z[0m [32mINFO [0m [seeder] [SEEDER] global reference data (countries/currencies/uom) seeded

 [32mΓ£ô[39m [30m[42m server [49m[39m src/server/services/__tests__/enterprise-controls.test.ts [2m([22m[2m8 tests[22m[2m)[22m[32m 20[2mms[22m[39m
 [32mΓ£ô[39m [30m[42m server [49m[39m src/server/services/__tests__/accountant-workbench.test.ts [2m([22m[2m7 tests[22m[2m)[22m[32m 23[2mms[22m[39m
[90mstdout[2m | src/server/__tests__/bootstrap.validation.test.ts[2m > [22m[2mseedGlobalReferenceData[2m > [22m[2mis idempotent (skips existing units)
[22m[39m[32m2026-10-04T13:32:02.256Z[0m [32mINFO [0m [seeder] [SEEDER] global reference data (countries/currencies/uom) seeded

[90mstdout[2m | src/server/__tests__/bootstrap.validation.test.ts[2m > [22m[2mseedGlobalReferenceData[2m > [22m[2mis idempotent (skips existing units)
[22m[39m[32m2026-10-04T13:32:02.257Z[0m [32mINFO [0m [seeder] [SEEDER] global reference data (countries/currencies/uom) seeded

[90mstdout[2m | src/server/__tests__/bootstrap.validation.test.ts[2m > [22m[2mseedGlobalReferenceData[2m > [22m[2mrolls back on error
[22m[39m[31m2026-10-04T13:32:02.260Z[0m [31mERROR[0m [seeder] [SEEDER] global reference data: db down

 [32mΓ£ô[39m [30m[42m server [49m[39m src/server/__tests__/bootstrap.validation.test.ts [2m([22m[2m19 tests[22m[2m)[22m[32m 48[2mms[22m[39m
[90mstdout[2m | src/server/queue/__tests__/queue.test.ts[2m > [22m[2mJobQueue[2m > [22m[2mretries failed job
[22m[39m[QUEUE] Job retrying: fail (cb7e800a-2002-4772-902f-c4f1959c7784) attempt 1/2

 [32mΓ£ô[39m [30m[42m server [49m[39m src/server/services/__tests__/period-close.test.ts [2m([22m[2m4 tests[22m[2m)[22m[32m 22[2mms[22m[39m
 [32mΓ£ô[39m [30m[42m server [49m[39m tests/pmo/changeControl.test.ts [2m([22m[2m7 tests[22m[2m)[22m[32m 20[2mms[22m[39m
 [32mΓ£ô[39m [30m[42m server [49m[39m src/lib/__tests__/csv.test.ts [2m([22m[2m10 tests[22m[2m)[22m[32m 19[2mms[22m[39m
 [32mΓ£ô[39m [30m[42m server [49m[39m src/server/tenant/__tests__/tenantSettings.shared.test.ts [2m([22m[2m13 tests[22m[2m)[22m[32m 17[2mms[22m[39m
 [32mΓ£ô[39m [30m[42m server [49m[39m tests/pmo/evm.test.ts [2m([22m[2m13 tests[22m[2m)[22m[32m 20[2mms[22m[39m
 [32mΓ£ô[39m [30m[42m server [49m[39m src/server/governance/__tests__/neb-registry.test.ts [2m([22m[2m3 tests[22m[2m)[22m[32m 21[2mms[22m[39m
 [32mΓ£ô[39m [30m[42m server [49m[39m src/server/services/__tests__/institutional-branding.test.ts [2m([22m[2m8 tests[22m[2m)[22m[32m 14[2mms[22m[39m
 [32mΓ£ô[39m [30m[42m server [49m[39m src/core/ledger/standards/__tests__/measurement.test.ts [2m([22m[2m12 tests[22m[2m)[22m[32m 17[2mms[22m[39m
 [32mΓ£ô[39m [30m[42m server [49m[39m src/server/__tests__/api-fallthrough.contract.test.ts [2m([22m[2m8 tests[22m[2m)[22m[32m 16[2mms[22m[39m
 [32mΓ£ô[39m [30m[42m server [49m[39m tests/pmo/riskManagement.test.ts [2m([22m[2m17 tests[22m[2m)[22m[32m 17[2mms[22m[39m
[90mstdout[2m | src/server/engines/__tests__/finance-agents.test.ts
[22m[39mΓùç injected env (10) from .env // tip: Γîÿ enable debugging { debug: true }

 [32mΓ£ô[39m [30m[42m server [49m[39m src/server/observability/__tests__/observability.test.ts [2m([22m[2m3 tests[22m[2m)[22m[32m 18[2mms[22m[39m
[90mstdout[2m | src/server/middleware/__tests__/require-permission.test.ts
[22m[39mΓùç injected env (10) from .env // tip: Γîÿ multiple files { path: ['.env.local', '.env'] }

 [32mΓ£ô[39m [30m[42m server [49m[39m src/server/engines/__tests__/finance-agents.test.ts [2m([22m[2m10 tests[22m[2m)[22m[32m 18[2mms[22m[39m
[90mstdout[2m | src/server/queue/__tests__/queue.test.ts[2m > [22m[2mJobQueue[2m > [22m[2mretries failed job
[22m[39m[QUEUE] Processing stopped

[90mstdout[2m | src/server/queue/__tests__/queue.test.ts[2m > [22m[2mJobQueue[2m > [22m[2mcancels pending job
[22m[39m[QUEUE] Job added: test (8b6d5f54-598f-4dc0-97d8-4a1e20dc353c)

[90mstdout[2m | src/server/queue/__tests__/queue.test.ts[2m > [22m[2mJobQueue[2m > [22m[2mcancels pending job
[22m[39m[QUEUE] Processing stopped

[90mstdout[2m | src/server/queue/__tests__/queue.test.ts[2m > [22m[2mJobQueue[2m > [22m[2mreturns metrics
[22m[39m[QUEUE] Processing stopped

[90mstdout[2m | src/server/queue/__tests__/queue.test.ts[2m > [22m[2mJobQueue[2m > [22m[2mcleans old jobs
[22m[39m[QUEUE] Job added: test (4836712d-66aa-40ea-8c30-60ee6dcb10c3)

[90mstdout[2m | src/server/queue/__tests__/queue.test.ts[2m > [22m[2mJobQueue[2m > [22m[2mcleans old jobs
[22m[39m[QUEUE] Processing stopped

 [32mΓ£ô[39m [30m[42m server [49m[39m src/server/queue/__tests__/queue.test.ts [2m([22m[2m7 tests[22m[2m)[22m[33m 3535[2mms[22m[39m
   [33m[2mΓ£ô[22m[39m JobQueue[2m > [22mprocesses job with handler [33m 1515[2mms[22m[39m
   [33m[2mΓ£ô[22m[39m JobQueue[2m > [22mretries failed job [33m 2005[2mms[22m[39m
 [32mΓ£ô[39m [30m[42m server [49m[39m tests/pmo/portfolio.test.ts [2m([22m[2m3 tests[22m[2m)[22m[32m 15[2mms[22m[39m
 [32mΓ£ô[39m [30m[42m server [49m[39m src/server/middleware/__tests__/require-permission.test.ts [2m([22m[2m4 tests[22m[2m)[22m[32m 18[2mms[22m[39m
 [32mΓ£ô[39m [30m[42m server [49m[39m tests/pmo/stakeholder.test.ts [2m([22m[2m4 tests[22m[2m)[22m[32m 14[2mms[22m[39m
 [32mΓ£ô[39m [30m[42m server [49m[39m src/server/services/email/__tests__/email.test.ts [2m([22m[2m12 tests[22m[2m)[22m[32m 14[2mms[22m[39m
[90mstdout[2m | src/server/routes/v2/__tests__/branch-scope.test.ts
[22m[39mΓùç injected env (10) from .env // tip: Γîÿ override existing { override: true }

 [32mΓ£ô[39m [30m[42m server [49m[39m tests/pmo/criticalPath.test.ts [2m([22m[2m12 tests[22m[2m)[22m[32m 14[2mms[22m[39m
 [32mΓ£ô[39m [30m[42m server [49m[39m src/server/core/__tests__/gracefulShutdown.test.ts [2m([22m[2m2 tests[22m[2m)[22m[32m 8[2mms[22m[39m
 [32mΓ£ô[39m [30m[42m server [49m[39m src/server/routes/v2/__tests__/branch-scope.test.ts [2m([22m[2m4 tests[22m[2m)[22m[32m 12[2mms[22m[39m
[90mstdout[2m | src/server/services/webhooks/__tests__/webhooks.test.ts
[22m[39mΓùç injected env (10) from .env // tip: Γîÿ custom filepath { path: '/custom/path/.env' }

[90mstdout[2m | src/server/routes/v2/__tests__/institutional-reports.contract.test.ts
[22m[39mΓùç injected env (10) from .env // tip: Γîÿ enable debugging { debug: true }

 [32mΓ£ô[39m [30m[42m server [49m[39m src/server/services/webhooks/__tests__/webhooks.test.ts [2m([22m[2m5 tests[22m[2m)[22m[32m 9[2mms[22m[39m
[90mstdout[2m | src/server/__tests__/integration.test.ts[2m > [22m[2mV2 Router[2m > [22m[2mshould aggregate all routes
[22m[39mΓùç injected env (10) from .env // tip: Γùê encrypted .env [www.dotenvx.com]

 [32mΓ£ô[39m [30m[42m server [49m[39m src/server/routes/v2/__tests__/institutional-reports.contract.test.ts [2m([22m[2m1 test[22m[2m)[22m[32m 5[2mms[22m[39m
 [32mΓ£ô[39m [30m[42m server [49m[39m src/server/__tests__/integration.test.ts [2m([22m[2m53 tests[22m[2m)[22m[33m 3276[2mms[22m[39m
   [33m[2mΓ£ô[22m[39m Health Routes[2m > [22mshould have liveness endpoint [33m 485[2mms[22m[39m
   [33m[2mΓ£ô[22m[39m V2 Router[2m > [22mshould aggregate all routes [33m 2315[2mms[22m[39m

[31mΓÄ»ΓÄ»ΓÄ»ΓÄ»ΓÄ»ΓÄ»[39m[1m[41m Failed Suites 1 [49m[22m[31mΓÄ»ΓÄ»ΓÄ»ΓÄ»ΓÄ»ΓÄ»ΓÄ»[39m

[41m[1m FAIL [22m[49m [30m[43m frontend [49m[39m src/components/__tests__/UnifiedHomeWorkspace.test.tsx[2m [ 
src/components/__tests__/UnifiedHomeWorkspace.test.tsx ][22m
[31m[1mError[22m: Transform failed with 1 error:
D:/Projects26/NexoraOS/src/components/dashboard/UnifiedHomeWorkspace.tsx:659:4: ERROR: Expected ")" but found "{"[39m
  Plugin: [35mvite:esbuild[39m
  File: [36mD:/Projects26/NexoraOS/src/components/dashboard/UnifiedHomeWorkspace.tsx[39m:659:4
[33m  
  [33mExpected ")" but found "{"[33m
  657|  </div>
  658|      </div>
  659|      {/* Status Bar ΓÇö user name + icon, scroll to top on click */}
     |      ^
  660|      <div
  661|        className="border-t border-zinc-200 dark:border-zinc-800 bg-zinc-950 text-sm p-3 flex items-center 
justify-between"
  [39m
[90m [2mΓ¥»[22m failureErrorWithLog node_modules/esbuild/lib/main.js:[2m1467:15[22m[39m
[90m [2mΓ¥»[22m node_modules/esbuild/lib/main.js:[2m736:50[22m[39m
[90m [2mΓ¥»[22m responseCallbacks.<computed> node_modules/esbuild/lib/main.js:[2m603:9[22m[39m
[90m [2mΓ¥»[22m handleIncomingPacket node_modules/esbuild/lib/main.js:[2m658:12[22m[39m
[90m [2mΓ¥»[22m Socket.readFromStdout node_modules/esbuild/lib/main.js:[2m581:7[22m[39m

[31m[2mΓÄ»ΓÄ»ΓÄ»ΓÄ»ΓÄ»ΓÄ»ΓÄ»ΓÄ»ΓÄ»ΓÄ»ΓÄ»ΓÄ»ΓÄ»ΓÄ»ΓÄ»ΓÄ»ΓÄ»ΓÄ»ΓÄ»ΓÄ»ΓÄ»ΓÄ»ΓÄ»ΓÄ»[1/2]ΓÄ»[22m[39m


[31mΓÄ»ΓÄ»ΓÄ»ΓÄ»ΓÄ»ΓÄ»ΓÄ»[39m[1m[41m Failed Tests 1 [49m[22m[31mΓÄ»ΓÄ»ΓÄ»ΓÄ»ΓÄ»ΓÄ»ΓÄ»[39m

[41m[1m FAIL [22m[49m [30m[43m frontend [49m[39m 
src/design-system/__tests__/accessibility-conformance.test.ts[2m > [22mWCAG 1.3.1 ΓÇö Info and Relationships (A): 
table headers[2m > [22mgives every column header cell an explicit scope
[31m[1mAssertionError[22m: every <th> in a <thead> must declare scope="col" so screen readers announce the column 
name: expected [ 'src/reports/CashFlowReport.tsx' ] to deeply equal [][39m

[32m- Expected[39m
[31m+ Received[39m

[32m- [][39m
[31m+ [[39m
[31m+   "src/reports/CashFlowReport.tsx",[39m
[31m+ ][39m

[36m [2mΓ¥»[22m src/design-system/__tests__/accessibility-conformance.test.ts:[2m139:7[22m[39m
    [90m137| [39m      [[33m...[39moffenders][33m,[39m
    [90m138| [39m      'every <th> in a <thead> must declare scope="col" so screen readΓÇª
    [90m139| [39m    )[33m.[39m[34mtoEqual[39m([])[33m;[39m
    [90m   | [39m      [31m^[39m
    [90m140| [39m  })[33m;[39m
    [90m141| [39m  it('associates every mechanically-linkable label with a control', ()ΓÇª

[31m[2mΓÄ»ΓÄ»ΓÄ»ΓÄ»ΓÄ»ΓÄ»ΓÄ»ΓÄ»ΓÄ»ΓÄ»ΓÄ»ΓÄ»ΓÄ»ΓÄ»ΓÄ»ΓÄ»ΓÄ»ΓÄ»ΓÄ»ΓÄ»ΓÄ»ΓÄ»ΓÄ»ΓÄ»[2/2]ΓÄ»[22m[39m


[2m Test Files [22m [1m[31m2 failed[39m[22m[2m | [22m[1m[32m72 passed[39m[22m[90m (74)[39m
[2m      Tests [22m [1m[31m1 failed[39m[22m[2m | [22m[1m[32m935 passed[39m[22m[2m | [22m[33m3 skipped[39m[90m (939)[39m
[2m   Start at [22m 16:31:43
[2m   Duration [22m 20.55s[2m (transform 18.48s, setup 27.23s, collect 39.28s, tests 32.35s, environment 121.92s, prepare 22.83s)[22m

